// Jest Snapshot v1, https://goo.gl/fbAQLP

exports[`StatusMessages renders correctly 1`] = `
ShallowWrapper {
  Symbol(enzyme.__root__): [Circular],
  Symbol(enzyme.__unrendered__): <StatusMessages
    location={
      Object {
        "pathname": "/",
      }
    }
    statusMessages={
      StatusMessagesProxy {
        "setToaster": [Function],
        "toaster": null,
      }
    }
  >
    <div />
  </StatusMessages>,
  Symbol(enzyme.__renderer__): Object {
    "batchedUpdates": [Function],
    "getNode": [Function],
    "render": [Function],
    "simulateError": [Function],
    "simulateEvent": [Function],
    "unmount": [Function],
  },
  Symbol(enzyme.__node__): Object {
    "instance": null,
    "key": undefined,
    "nodeType": "function",
    "props": Object {
      "children": Array [
        <div />,
        <Toaster
          baseClassName="pul-toaster"
          className={null}
          position="top"
          toasts={null}
        />,
      ],
      "value": StatusMessagesProxy {
        "setToaster": [Function],
        "toaster": null,
      },
    },
    "ref": null,
    "rendered": Array [
      Object {
        "instance": null,
        "key": undefined,
        "nodeType": "host",
        "props": Object {},
        "ref": null,
        "rendered": null,
        "type": "div",
      },
      Object {
        "instance": null,
        "key": undefined,
        "nodeType": "class",
        "props": Object {
          "baseClassName": "pul-toaster",
          "className": null,
          "position": "top",
          "toasts": null,
        },
        "ref": [Function],
        "rendered": null,
        "type": [Function],
      },
    ],
    "type": Object {
      "$$typeof": Symbol(react.provider),
      "_context": Object {
        "$$typeof": Symbol(react.context),
        "Consumer": [Circular],
        "Provider": [Circular],
        "_calculateChangedBits": null,
        "_changedBits": 0,
        "_changedBits2": 0,
        "_currentRenderer": null,
        "_currentRenderer2": null,
        "_currentValue": StatusMessagesProxy {
          "setToaster": [Function],
          "toaster": null,
        },
        "_currentValue2": StatusMessagesProxy {
          "setToaster": [Function],
          "toaster": null,
        },
        "_defaultValue": StatusMessagesProxy {
          "setToaster": [Function],
          "toaster": null,
        },
      },
    },
  },
  Symbol(enzyme.__nodes__): Array [
    Object {
      "instance": null,
      "key": undefined,
      "nodeType": "function",
      "props": Object {
        "children": Array [
          <div />,
          <Toaster
            baseClassName="pul-toaster"
            className={null}
            position="top"
            toasts={null}
          />,
        ],
        "value": StatusMessagesProxy {
          "setToaster": [Function],
          "toaster": null,
        },
      },
      "ref": null,
      "rendered": Array [
        Object {
          "instance": null,
          "key": undefined,
          "nodeType": "host",
          "props": Object {},
          "ref": null,
          "rendered": null,
          "type": "div",
        },
        Object {
          "instance": null,
          "key": undefined,
          "nodeType": "class",
          "props": Object {
            "baseClassName": "pul-toaster",
            "className": null,
            "position": "top",
            "toasts": null,
          },
          "ref": [Function],
          "rendered": null,
          "type": [Function],
        },
      ],
      "type": Object {
        "$$typeof": Symbol(react.provider),
        "_context": Object {
          "$$typeof": Symbol(react.context),
          "Consumer": [Circular],
          "Provider": [Circular],
          "_calculateChangedBits": null,
          "_changedBits": 0,
          "_changedBits2": 0,
          "_currentRenderer": null,
          "_currentRenderer2": null,
          "_currentValue": StatusMessagesProxy {
            "setToaster": [Function],
            "toaster": null,
          },
          "_currentValue2": StatusMessagesProxy {
            "setToaster": [Function],
            "toaster": null,
          },
          "_defaultValue": StatusMessagesProxy {
            "setToaster": [Function],
            "toaster": null,
          },
        },
      },
    },
  ],
  Symbol(enzyme.__options__): Object {
    "adapter": ReactSixteenAdapter {
      "options": Object {
        "enableComponentDidUpdateOnSetState": true,
        "lifecycles": Object {
          "componentDidUpdate": Object {
            "onSetState": true,
          },
          "getDerivedStateFromProps": true,
          "getSnapshotBeforeUpdate": true,
          "setState": Object {
            "skipsComponentDidUpdateOnNullish": true,
          },
        },
      },
    },
    "attachTo": undefined,
    "hydrateIn": undefined,
  },
}
`;
